{"type":"newline","line":2}
{"type":"newline","line":4}
{"type":"eos","line":4}