{"type":"tag","line":1,"col":1,"val":"p"}
{"type":":","line":1,"col":2}
{"type":"filter","line":1,"col":4,"val":"markdown-it"}
{"type":"text","line":1,"col":17,"val":"**bolded**"}
{"type":"newline","line":2,"col":1}
{"type":"tag","line":2,"col":1,"val":"p"}
{"type":":","line":2,"col":2}
{"type":"filter","line":2,"col":3,"val":"markdown-it"}
{"type":"text","line":2,"col":16,"val":"**bolded**"}
{"type":"newline","line":3,"col":1}
{"type":"eos","line":3,"col":1}