{"type":"include","line":1,"col":1}
{"type":"path","line":1,"col":9,"val":"/auxiliary/extends-from-root"}
{"type":"eos","line":1,"col":37}